src/app/page.tsx(90,79): error TS2339: Property 'percentage' does not exist on type '{ id: string; }'.
